
manuf@DESKTOP-I5LPFIF MINGW64 ~
$ pwd
/c/Users/manuf

manuf@DESKTOP-I5LPFIF MINGW64 ~
$ cd dektop
bash: cd: dektop: No such file or directory

manuf@DESKTOP-I5LPFIF MINGW64 ~
$ cd desktop

manuf@DESKTOP-I5LPFIF MINGW64 ~/desktop
$ mkdir Git_Pratice

manuf@DESKTOP-I5LPFIF MINGW64 ~/desktop
$ Git_Practice
bash: Git_Practice: command not found

manuf@DESKTOP-I5LPFIF MINGW64 ~/desktop
$ cd Git_Practice
bash: cd: Git_Practice: No such file or directory

manuf@DESKTOP-I5LPFIF MINGW64 ~/desktop
$ ls
'Ana FyQ'/              Git_Pratice/                              Trabajo/
 Coches.xlsx           'MSc Big Data & Business Analytics.lnk'*   computer.lnk*
'GitHub Desktop.lnk'*   Scotland/                                 desktop.ini

manuf@DESKTOP-I5LPFIF MINGW64 ~/desktop
$ ^C

manuf@DESKTOP-I5LPFIF MINGW64 ~/desktop
$ cd Git_Pratice

manuf@DESKTOP-I5LPFIF MINGW64 ~/desktop/Git_Pratice
$ touch test.py

manuf@DESKTOP-I5LPFIF MINGW64 ~/desktop/Git_Pratice
$ git init
Initialized empty Git repository in C:/Users/manuf/Desktop/Git_Pratice/.git/

manuf@DESKTOP-I5LPFIF MINGW64 ~/desktop/Git_Pratice (master)
$ cd ..

manuf@DESKTOP-I5LPFIF MINGW64 ~/desktop
$ git clone https://github.com/MafCiv/Practice.git
Cloning into 'Practice'...
remote: Enumerating objects: 4, done.
remote: Counting objects: 100% (4/4), done.
remote: Compressing objects: 100% (3/3), done.
remote: Total 4 (delta 0), reused 0 (delta 0), pack-reused 0
Receiving objects: 100% (4/4), done.

manuf@DESKTOP-I5LPFIF MINGW64 ~/desktop
$ ls
'Ana FyQ'/             'MSc Big Data & Business Analytics.lnk'*   computer.lnk*
 Coches.xlsx            Practice/                                 desktop.ini
'GitHub Desktop.lnk'*   Scotland/
 Git_Pratice/           Trabajo/

manuf@DESKTOP-I5LPFIF MINGW64 ~/desktop
$ cd Practice

manuf@DESKTOP-I5LPFIF MINGW64 ~/desktop/Practice (main)
$ code .
./          ../         .git/       .gitignore

manuf@DESKTOP-I5LPFIF MINGW64 ~/desktop/Practice (main)
$ pip install pandas
Collecting pandas
  Downloading pandas-1.3.4-cp39-cp39-win_amd64.whl (10.2 MB)
Collecting python-dateutil>=2.7.3
  Downloading python_dateutil-2.8.2-py2.py3-none-any.whl (247 kB)
Collecting pytz>=2017.3
  Downloading pytz-2021.3-py2.py3-none-any.whl (503 kB)
Collecting numpy>=1.17.3
  Downloading numpy-1.21.3-cp39-cp39-win_amd64.whl (14.0 MB)
Collecting six>=1.5
  Downloading six-1.16.0-py2.py3-none-any.whl (11 kB)
Installing collected packages: six, pytz, python-dateutil, numpy, pandas
Successfully installed numpy-1.21.3 pandas-1.3.4 python-dateutil-2.8.2 pytz-2021.3 six-1.16.0
WARNING: You are using pip version 21.1.3; however, version 21.3.1 is available.
You should consider upgrading via the 'c:\python39\python.exe -m pip install --upgrade pip' command.

manuf@DESKTOP-I5LPFIF MINGW64 ~/desktop/Practice (main)
$ git status
On branch main
Your branch is up to date with 'origin/main'.

Untracked files:
  (use "git add <file>..." to include in what will be committed)
        CodCCAA.csv
        src/
        titanic-2.csv

nothing added to commit but untracked files present (use "git add" to track)

manuf@DESKTOP-I5LPFIF MINGW64 ~/desktop/Practice (main)
$ git add src

manuf@DESKTOP-I5LPFIF MINGW64 ~/desktop/Practice (main)
$ git status
On branch main
Your branch is up to date with 'origin/main'.

Changes to be committed:
  (use "git restore --staged <file>..." to unstage)
        new file:   src/main.py

Untracked files:
  (use "git add <file>..." to include in what will be committed)
        CodCCAA.csv
        titanic-2.csv


manuf@DESKTOP-I5LPFIF MINGW64 ~/desktop/Practice (main)
$ git add .
warning: LF will be replaced by CRLF in titanic-2.csv.
The file will have its original line endings in your working directory

manuf@DESKTOP-I5LPFIF MINGW64 ~/desktop/Practice (main)
$ git status
On branch main
Your branch is up to date with 'origin/main'.

Changes to be committed:
  (use "git restore --staged <file>..." to unstage)
        new file:   CodCCAA.csv
        new file:   src/main.py
        new file:   titanic-2.csv


manuf@DESKTOP-I5LPFIF MINGW64 ~/desktop/Practice (main)
$ git commit -m "add main files, init config"
Author identity unknown

*** Please tell me who you are.

Run

  git config --global user.email "you@example.com"
  git config --global user.name "Your Name"

to set your account's default identity.
Omit --global to set the identity only in this repository.

fatal: unable to auto-detect email address (got 'manuf@DESKTOP-I5LPFIF.(none)')

manuf@DESKTOP-I5LPFIF MINGW64 ~/desktop/Practice (main)
$ git config --global user.email "manuelfr92@gmail.com"

manuf@DESKTOP-I5LPFIF MINGW64 ~/desktop/Practice (main)
$ git config --global user.name "Manuel Ferrer"

manuf@DESKTOP-I5LPFIF MINGW64 ~/desktop/Practice (main)
$ git commit -m "add main files, init config"
[main 6d0c1a2] add main files, init config
 3 files changed, 915 insertions(+)
 create mode 100644 CodCCAA.csv
 create mode 100644 src/main.py
 create mode 100644 titanic-2.csv

manuf@DESKTOP-I5LPFIF MINGW64 ~/desktop/Practice (main)
$ git push
Enumerating objects: 7, done.
Counting objects: 100% (7/7), done.
Delta compression using up to 4 threads
Compressing objects: 100% (5/5), done.
Writing objects: 100% (6/6), 23.00 KiB | 3.83 MiB/s, done.
Total 6 (delta 0), reused 0 (delta 0), pack-reused 0
To https://github.com/MafCiv/Practice.git
   6ad88a7..6d0c1a2  main -> main

manuf@DESKTOP-I5LPFIF MINGW64 ~/desktop/Practice (main)
$ git status
On branch main
Your branch is up to date with 'origin/main'.

Changes not staged for commit:
  (use "git add <file>..." to update what will be committed)
  (use "git restore <file>..." to discard changes in working directory)
        modified:   src/main.py

no changes added to commit (use "git add" and/or "git commit -a")

manuf@DESKTOP-I5LPFIF MINGW64 ~/desktop/Practice (main)
$ git add.
git: 'add.' is not a git command. See 'git --help'.

The most similar command is
        add

manuf@DESKTOP-I5LPFIF MINGW64 ~/desktop/Practice (main)
$ git add .

manuf@DESKTOP-I5LPFIF MINGW64 ~/desktop/Practice (main)
$ git commit
hint: Waiting for your editor to close the file...
[main ae4d578] "Feat print function"
 1 file changed, 2 insertions(+), 1 deletion(-)

manuf@DESKTOP-I5LPFIF MINGW64 ~/desktop/Practice (main)
$

manuf@DESKTOP-I5LPFIF MINGW64 ~/desktop/Practice (main)
$ git push origin main
Enumerating objects: 7, done.
Counting objects: 100% (7/7), done.
Delta compression using up to 4 threads
Compressing objects: 100% (3/3), done.
Writing objects: 100% (4/4), 360 bytes | 360.00 KiB/s, done.
Total 4 (delta 2), reused 0 (delta 0), pack-reused 0
remote: Resolving deltas: 100% (2/2), completed with 2 local objects.
To https://github.com/MafCiv/Practice.git
   6d0c1a2..ae4d578  main -> main

manuf@DESKTOP-I5LPFIF MINGW64 ~/desktop/Practice (main)
$ git add.
git: 'add.' is not a git command. See 'git --help'.

The most similar command is
        add

manuf@DESKTOP-I5LPFIF MINGW64 ~/desktop/Practice (main)
$ git add .

manuf@DESKTOP-I5LPFIF MINGW64 ~/desktop/Practice (main)
$ git status
On branch main
Your branch is up to date with 'origin/main'.

Changes to be committed:
  (use "git restore --staged <file>..." to unstage)
        modified:   src/main.py


manuf@DESKTOP-I5LPFIF MINGW64 ~/desktop/Practice (main)
$ git restore -- staged
error: pathspec 'staged' did not match any file(s) known to git

manuf@DESKTOP-I5LPFIF MINGW64 ~/desktop/Practice (main)
$ git restore --staged src/main.py

manuf@DESKTOP-I5LPFIF MINGW64 ~/desktop/Practice (main)
$ git status
On branch main
Your branch is up to date with 'origin/main'.

Changes not staged for commit:
  (use "git add <file>..." to update what will be committed)
  (use "git restore <file>..." to discard changes in working directory)
        modified:   src/main.py

no changes added to commit (use "git add" and/or "git commit -a")

manuf@DESKTOP-I5LPFIF MINGW64 ~/desktop/Practice (main)
$ git restore.
git: 'restore.' is not a git command. See 'git --help'.

The most similar command is
        restore

manuf@DESKTOP-I5LPFIF MINGW64 ~/desktop/Practice (main)
$ git restore .

manuf@DESKTOP-I5LPFIF MINGW64 ~/desktop/Practice (main)
$

manuf@DESKTOP-I5LPFIF MINGW64 ~/desktop/Practice (main)
$ git pull origin feat/html
remote: Enumerating objects: 9, done.
remote: Counting objects: 100% (9/9), done.
remote: Compressing objects: 100% (4/4), done.
remote: Total 6 (delta 1), reused 6 (delta 1), pack-reused 0
Unpacking objects: 100% (6/6), 749 bytes | 27.00 KiB/s, done.
From https://github.com/MafCiv/Practice
 * branch            feat/html  -> FETCH_HEAD
 * [new branch]      feat/html  -> origin/feat/html
Updating ae4d578..ab5cdde
Fast-forward
 .gitignore          |  3 +++
 src/html/index.html | 12 ++++++++++++
 2 files changed, 15 insertions(+)
 create mode 100644 src/html/index.html

manuf@DESKTOP-I5LPFIF MINGW64 ~/desktop/Practice (main)
$ git fetch origin

manuf@DESKTOP-I5LPFIF MINGW64 ~/desktop/Practice (main)
$ git branch -a
* main
  remotes/origin/HEAD -> origin/main
  remotes/origin/feat/html
  remotes/origin/main

manuf@DESKTOP-I5LPFIF MINGW64 ~/desktop/Practice (main)
$ git commit -m "merge html"
On branch main
Your branch is ahead of 'origin/main' by 1 commit.
  (use "git push" to publish your local commits)

nothing to commit, working tree clean

manuf@DESKTOP-I5LPFIF MINGW64 ~/desktop/Practice (main)
$ git push
Total 0 (delta 0), reused 0 (delta 0), pack-reused 0
To https://github.com/MafCiv/Practice.git
   ae4d578..ab5cdde  main -> main

manuf@DESKTOP-I5LPFIF MINGW64 ~/desktop/Practice (main)
$ ^C

manuf@DESKTOP-I5LPFIF MINGW64 ~/desktop/Practice (main)
$
